[futbolparatodos.online/es/index.html]
[backblue.gif]
[fade.gif]
[index.html]
[futbolparatodos.online/wp-content/plugins/w3-total-cache/pub/js/lazyload.min4581.js]
[futbolparatodos.online/es/wp-json/wp/v2/pages/17.json]
[futbolparatodos.online/es/feed/index.html]
[futbolparatodos.online/es/wp-json/oembed/1.0/embed825c.json]
[futbolparatodos.online/es/comments/feed/index.html]
[futbolparatodos.online/wp-content/uploads/2021/03/paso-a-deportista-profesion.jpg]
[futbolparatodos.online/wp-content/themes/hueman/assets/front/js/libs/mobile-detect.min4581.js]
[futbolparatodos.online/wp-includes/js/jquery/jquery.min4581.js]
[futbolparatodos.online/es/wp-json/oembed/1.0/embed9b03]
[superligafutbol.com/wp-content/uploads/2020/10/11.f.delayed]
[futbolparatodos.online/es/index.html]
[futbolparatodos.online/es/wp-json/index.html]
[futbolparatodos.online/wp-includes/css/dist/block-library/style.min4581.css]
[futbolparatodos.online/wp-includes/js/jquery/jquery-migrate.min4581.js]
[futbolparatodos.online/wp-content/uploads/2021/03/cropped-logo-1-32x324581.jpg]
[futbolparatodos.online/wp-content/plugins/quick-adsense-reloaded/includes/gutenberg/dist/blocks.style.build4581.css]
[futbolparatodos.online/wp-content/uploads/2021/03/cropped-logo-1-192x1924581.jpg]
[pagead2.googlesyndication.com/pagead/js/fa002.txt]
[futbolparatodos.online/wp-content/uploads/2021/03/cropped-logo-1-180x1804581.jpg]
[futbolparatodos.online/es/es/index.html]
[futbolparatodos.net/wp-content/uploads/2018/06/playmini.png]
[futbolparatodos.online/wp-content/themes/hueman/assets/front/css/main.min4581.css]
[futbolparatodos.online/es/descenso/index.html]
[futbolparatodos.online/es/goleadores/index.html]
[superligafutbol.com/wp-content/uploads/2020/10/11.html]
[futbolparatodos.online/es/posiciones/index.html]
[futbolparatodos.online/es/resultados/index.html]
[futbolparatodos.online/es/el-fixture-del-mundial-qatar-2022/index.html]
[futbolparatodos.online/wp-content/plugins/quick-adsense-reloaded/assets/js/ads4581.js]
[futbolparatodos.online/es/espn-3/index.html]
[futbolparatodos.online/es/wp-json/wp/v2/pages/496.json]
[futbolparatodos.online/es/granhermano/index.html]
[futbolparatodos.online/es/telefe-en-vivo/index.html]
[futbolparatodos.online/es/canal-13-en-vivo/index.html]
[futbolparatodos.online/es/wp-json/oembed/1.0/embed11e8.json]
[futbolparatodos.online/es/america-tv-en-vivo/index.html]
[futbolparatodos.online/es/canal-9-en-vivo/index.html]
[futbolparatodos.online/es/tv-publica-en-vivo/index.html]
[futbolparatodos.online/es/es/index.html]
[futbolparatodos.online/es/wp-json/oembed/1.0/embedf489]
[futbolparatodos.online/es/barca-tv-en-vivo/index.html]
[futbolparatodos.online/es/movistar-la-liga-en-vivo/index.html]
[futbolparatodos.online/es/dazn-la-liga-en-vivo/index.html]
[futbolparatodos.online/es/c5n-en-vivo/index.html]
[futbolparatodos.online/es/dazn-1-en-vivo/index.html]
[futbolparatodos.online/es/wp-json/wp/v2/pages/1310.json]
[futbolparatodos.online/es/dazn-2-en-vivo/index.html]
[futbolparatodos.online/es/vtv-en-vivo/index.html]
[futbolparatodos.online/cdn-cgi/scripts/5c5dd728/cloudflare-static/email-decode.min.js]
[futbolparatodos.online/es/vtv-plus-en-vivo/index.html]
[futbolparatodos.online/wp-includes/js/underscore.min4581.js]
[futbolparatodos.online/es/wp-json/oembed/1.0/embede008.json]
[futbolparatodos.online/wp-content/themes/hueman/assets/front/js/hu-init.min4581.js]
[futbolparatodos.online/wp-content/themes/hueman/assets/front/img/opacity-10.png]
[futbolparatodos.online/wp-content/themes/hueman/assets/front/img/ie/opacity-70.png]
[futbolparatodos.online/es/posiciones/index.html]
[futbolparatodos.online/es/wp-json/oembed/1.0/embed3873]
[futbolparatodos.online/wp-content/themes/hueman/assets/front/img/ie/opacity-80-light.png]
[futbolparatodos.online/wp-content/themes/hueman/assets/front/img/pre.png]
[futbolparatodos.online/es/wp-json/wp/v2/pages/1316.json]
[futbolparatodos.online/es/wp-json/oembed/1.0/embed0118.json]
[futbolparatodos.online/es/descenso/index.html]
[futbolparatodos.online/es/wp-json/oembed/1.0/embed18cf]
[futbolparatodos.online/es/wp-json/wp/v2/pages/1313.json]
[futbolparatodos.online/es/wp-json/oembed/1.0/embed06da.json]
[futbolparatodos.online/es/resultados/index.html]
[futbolparatodos.online/es/wp-json/oembed/1.0/embed46d5]
[futbolparatodos.online/es/wp-json/wp/v2/pages/1318.json]
[futbolparatodos.online/es/wp-json/oembed/1.0/embed33c1.json]
[futbolparatodos.online/es/goleadores/index.html]
[futbolparatodos.online/es/wp-json/oembed/1.0/embeda262]
[futbolparatodos.online/es/wp-json/wp/v2/pages/1457.json]
[futbolparatodos.online/es/wp-json/oembed/1.0/embed23a0.json]
[futbolparatodos.online/es/el-fixture-del-mundial-qatar-2022/index.html]
[futbolparatodos.online/es/wp-json/oembed/1.0/embedfda1]
[futbolparatodos.online/canaled50.css]
[www.ligaprofesional.ar/wp-content/uploads/2020/11/favicon-lpg-1.png]
[1.bp.blogspot.com/-ThLkEtTrT-0/YJioyHCP78I/AAAAAAAAAAU/y9ezY9t1n2MNt1BDGe4iZ0_9hJUMrBIhwCLcBGAsYHQ/s400/11.png]
[code.jquery.com/jquery-3.6.1.slim.min.js]
[futbolparatodos.online/wp-content/uploads/2022/06/teatro.png]
[futbolparatodos.online/es/espn-3/index.html]
[futbolparatodos.online/es/granhermano/index.html]
[futbolparatodos.online/es/telefe-en-vivo/index.html]
[futbolparatodos.online/es/canal-13-en-vivo/index.html]
[futbolparatodos.online/es/wp-json/wp/v2/pages/1506.json]
[futbolparatodos.online/es/wp-json/oembed/1.0/embeddd5b.json]
[futbolparatodos.online/es/wp-json/oembed/1.0/embed8345]
[pagead2.googlesyndication.com/pagead/js/f.txt]
[futbolparatodos.online/es/america-tv-en-vivo/index.html]
[futbolparatodos.online/es/canal-9-en-vivo/index.html]
[futbolparatodos.online/es/wp-json/wp/v2/pages/1810.json]
[futbolparatodos.online/es/wp-json/oembed/1.0/embed4cac.json]
[futbolparatodos.online/es/tv-publica-en-vivo/index.html]
[futbolparatodos.online/es/wp-json/oembed/1.0/embed3805]
[futbolparatodos.online/es/wp-json/wp/v2/pages/1815.json]
[futbolparatodos.online/es/wp-json/oembed/1.0/embed4369.json]
[futbolparatodos.online/es/c5n-en-vivo/index.html]
[futbolparatodos.online/es/barca-tv-en-vivo/index.html]
[futbolparatodos.online/es/movistar-la-liga-en-vivo/index.html]
[futbolparatodos.online/es/dazn-la-liga-en-vivo/index.html]
[futbolparatodos.online/es/dazn-1-en-vivo/index.html]
[futbolparatodos.online/es/dazn-2-en-vivo/index.html]
[futbolparatodos.online/es/vtv-en-vivo/index.html]
[futbolparatodos.online/es/vtv-plus-en-vivo/index.html]
[futbolparatodos.online/es/index0a18.html]
[futbolparatodos.online/es/index62d8.html]
[futbolparatodos.online/es/index29f2.html]
[futbolparatodos.online/es/index1de6.html]
[futbolparatodos.online/es/indexba61.html]
[futbolparatodos.online/es/index86f6.html]
[futbolparatodos.online/canaled50.css]
[futbolparatodos.online/es/indexf937.html]
[futbolparatodos.online/es/indexcb44.html]
[futbolparatodos.online/es/indexb33f.html]
[futbolparatodos.online/es/wp-json/oembed/1.0/embed19ee]
