[futbolparatodos.net/tn-todo-noticias-en-vivo/index.html]
[backblue.gif]
[fade.gif]
[index.html]
[futbolparatodos.net/wp-content/plugins/w3-total-cache/pub/js/lazyload.min8a56.js]
[futbolparatodos.net/wp-includes/css/dist/block-library/style.min8a56.css]
[futbolparatodos.net/wp-content/themes/hueman/assets/front/css/main.min8a56.css]
[futbolparatodos.net/wp-content/themes/hueman/assets/front/js/libs/mobile-detect.min8a56.js]
[futbolparatodos.net/wp-includes/js/jquery/jquery.min8a56.js]
[futbolparatodos.net/wp-includes/js/jquery/jquery-migrate.min8a56.js]
[futbolparatodos.net/wp-content/uploads/2021/05/fav8a56.png]
[futbolparatodos.net/wp-content/uploads/2018/06/playmini.png]
[1.bp.blogspot.com/-sfpCnfBG6Dk/YJoXwZktpqI/AAAAAAAAR3E/a_qJqQF6mP8lSc8-sEL2s8PqkbzPtkHvQCLcBGAsYHQ/s0/fondo.jpg]
[superligafutbol.com/wp-content/uploads/2020/10/11.a.delayed]
[pagead2.googlesyndication.com/pagead/js/f.txt]
[connect.facebook.net/es_ES/sdk.js]
[futbolparatodos.net/cdn-cgi/scripts/5c5dd728/cloudflare-static/email-decode.min.js]
[futbolparatodos.net/wp-content/plugins/quick-adsense-reloaded/assets/js/ads8a56.js]
[futbolparatodos.net/wp-includes/js/underscore.min8a56.js]
[futbolparatodos.net/tn-todo-noticias-en-vivo/index.html]
[futbolparatodos.net/wp-includes/css/dist/block-library/style.min8a56.css]
[futbolparatodos.net/wp-content/plugins/quick-adsense-reloaded/includes/gutenberg/dist/blocks.style.build8a56.css]
[futbolparatodos.net/wp-content/themes/hueman/assets/front/js/hu-init.min8a56.js]
[futbolparatodos.net/wp-content/themes/hueman/assets/front/img/opacity-10.png]
[futbolparatodos.net/wp-content/themes/hueman/assets/front/img/ie/opacity-70.png]
[futbolparatodos.net/wp-content/themes/hueman/assets/front/img/ie/opacity-80-light.png]
[futbolparatodos.net/wp-content/themes/hueman/assets/front/img/pre.png]
[futbolparatodos.net/wp-content/themes/hueman/assets/front/css/main.min8a56.css]
[superligafutbol.com/wp-content/uploads/2020/10/11.html]
[connect.facebook.net/es_ES/sdk.js]
