[stream.futbolparatodos.online/2021/07/espn-24878.html]
[www.ligaprofesional.ar/wp-content/uploads/2020/11/favicon-lpg-1.png]
[backblue.gif]
[fade.gif]
[index.html]
[1.bp.blogspot.com/-ThLkEtTrT-0/YJioyHCP78I/AAAAAAAAAAU/y9ezY9t1n2MNt1BDGe4iZ0_9hJUMrBIhwCLcBGAsYHQ/s400/11.png]
[ssl.p.jwpcdn.com/player/v/8.10.1/jwplayer.js]
[stream.futbolparatodos.online/2021/07/espn-2.html]
[code.jquery.com/jquery-3.3.1.min.js]
[futbolparatodos.net/wp-content/uploads/2018/06/playmini.png]
[superligafutbol.com/wp-content/uploads/2020/10/11.7.delayed]
[futbolparatodos.online/wp-content/uploads/2021/03/paso-a-deportista-profesion.jpg]
[www.gstatic.com/external_hosted/clipboardjs/clipboard.min.js]
[content.jwplatform.com/libraries/wlxMJclq.js]
[smartplugin.youbora.com/v6/js/adapters/jwplayer/6.2.1/sp.min.js]
[maxcdn.bootstrapcdn.com/font-awesome/4.7.0/css/font-awesome.min.css]
[ajax.googleapis.com/ajax/libs/jquery/1.12.4/jquery.min.js]
[quantcast.mgr.consensu.org/cmp.js]
[pagead2.googlesyndication.com/pagead/js/f.txt]
[futbolparatodos.online/wp-content/uploads/2022/06/teatro.png]
[1.bp.blogspot.com/-hmLUFHeSobc/YSadTTXZbEI/AAAAAAAAThw/8HxN4Z9-OywpJ1tAuyNGmtCKqAjmlQ-1gCLcBGAsYHQ/s0/discord.jpg]
[resources.blogblog.com/blogblog/data/res/1133185816-indie_compiled.js]
[www.blogger.com/static/v1/widgets/1836859926-widgets.js]
[stream.futbolparatodos.online/2021/07/espn-24878.html]
[stream.futbolparatodos.online/2021/07/espn-2.html]
[superligafutbol.com/wp-content/uploads/2020/10/11.html]
[maxcdn.bootstrapcdn.com/font-awesome/4.7.0/css/font-awesome.min.css]
[www.blogger.com/dyn-css/authorization2571.css]
